step=1 t=0.0s last=human tools=[] tokens=0
step=2 t=0.0s last=human tools=[] tokens=0
step=3 t=1.1s last=ai tools=['glob'] tokens=3042
step=4 t=1.1s last=tool tools=[] tokens=3042
step=5 t=2.9s last=ai tools=['read_file', 'read_file', 'read_file', 'read_file'] tokens=6222
step=6 t=2.9s last=tool tools=[] tokens=6222
step=7 t=5.2s last=ai tools=['glob'] tokens=10074
step=8 t=5.2s last=tool tools=[] tokens=10074
step=9 t=6.3s last=ai tools=['glob'] tokens=13952
step=10 t=6.3s last=tool tools=[] tokens=13952
step=11 t=7.3s last=ai tools=['read_file'] tokens=17865
step=12 t=7.3s last=tool tools=[] tokens=17865
step=13 t=10.2s last=ai tools=['edit_file', 'edit_file', 'edit_file'] tokens=22279
step=14 t=10.2s last=tool tools=[] tokens=22279
step=15 t=11.9s last=ai tools=['edit_file'] tokens=26808
step=16 t=11.9s last=tool tools=[] tokens=26808
step=17 t=13.0s last=ai tools=['execute'] tokens=31382
step=18 t=13.7s last=tool tools=[] tokens=31382
step=19 t=15.3s last=ai tools=['execute'] tokens=36318
step=20 t=15.9s last=tool tools=[] tokens=36318
step=21 t=17.3s last=ai tools=['edit_file'] tokens=41620
step=22 t=17.3s last=tool tools=[] tokens=41620
step=23 t=18.5s last=ai tools=['execute'] tokens=46972
step=24 t=19.2s last=tool tools=[] tokens=46972
step=25 t=22.0s last=ai tools=[] tokens=52619
