caching experiment run 1: 3 iterations per case, cache on
  Simple data query  iter 1:   3.85s cache=miss status=success tokens=349
  Simple data query  iter 2:   0.00s cache=hit status=success tokens=0
  Simple data query  iter 3:   0.00s cache=hit status=success tokens=0
  Code generation    iter 1:  28.19s cache=miss status=success tokens=3907
  Code generation    iter 2:   0.00s cache=hit status=success tokens=0
  Code generation    iter 3:   0.00s cache=hit status=success tokens=0
  Complex workflow   iter 1:  16.59s cache=miss status=success tokens=2511
  Complex workflow   iter 2:   0.00s cache=hit status=success tokens=0
  Complex workflow   iter 3:   0.00s cache=hit status=success tokens=0
{
  "requests": 9,
  "hits": 6,
  "misses": 3,
  "hit_rate": 0.667,
  "latency_miss_avg": 16.21,
  "latency_hit_avg": 0.0,
  "tokens_total": 6767,
  "tokens_on_hits": 0,
  "error_rate": 0.0
}
saved to /mnt/d/downloads/Git/K4-DAY20-MULTIAGENTS-NguyenDucThinh-2A202602468/experiments/caching/results/run1.json
