caching experiment run 2: 3 iterations per case, cache on
  Simple data query  iter 1:   2.16s cache=miss status=success tokens=349
  Simple data query  iter 2:   0.00s cache=hit status=success tokens=0
  Simple data query  iter 3:   0.00s cache=hit status=success tokens=0
  Code generation    iter 1:   8.40s cache=miss status=success tokens=1318
  Code generation    iter 2:   0.00s cache=hit status=success tokens=0
  Code generation    iter 3:   0.00s cache=hit status=success tokens=0
  Complex workflow   iter 1:  18.99s cache=miss status=success tokens=2500
  Complex workflow   iter 2:   0.00s cache=hit status=success tokens=0
  Complex workflow   iter 3:   0.00s cache=hit status=success tokens=0
{
  "requests": 9,
  "hits": 6,
  "misses": 3,
  "hit_rate": 0.667,
  "latency_miss_avg": 9.846,
  "latency_hit_avg": 0.0,
  "tokens_total": 4167,
  "tokens_on_hits": 0,
  "error_rate": 0.0
}
saved to /mnt/d/downloads/Git/K4-DAY20-MULTIAGENTS-NguyenDucThinh-2A202602468/experiments/caching/results/run2.json
